Microchip MPLAB XC8 Compiler V2.30

Linker command line:

-W-3 --edf=C:\Program Files\Microchip\xc8\v2.30\pic\dat\en_msgs.txt -cn \
  -h+dist/default/production\MachBaoChay.X.production.sym \
  --cmf=dist/default/production\MachBaoChay.X.production.cmf -z -Q16LF877A \
  -oC:\Users\laptop\AppData\Local\Temp\scq0x2 --defsym=__MPLAB_BUILD=1 \
  -Mdist/default/production/MachBaoChay.X.production.map -E1 \
  -ver=XC8 Compiler --acfsm=1493 -ASTACK=0110h-016Fh -pstack=STACK \
  -ACODE=00h-07FFhx4 -ASTRCODE=00h-01FFFh -ASTRING=00h-0FFhx32 \
  -ACONST=00h-0FFhx32 -AENTRY=00h-0FFhx32 -ACOMMON=070h-07Fh \
  -ABANK0=020h-06Fh -ABANK1=0A0h-0EFh -ABANK2=0110h-016Fh \
  -ABANK3=0190h-01EFh -ARAM=020h-06Fh,0A0h-0EFh,0110h-016Fh,0190h-01EFh \
  -AABS1=020h-07Fh,0A0h-0EFh,0110h-016Fh,0190h-01EFh -ASFR0=00h-01Fh \
  -ASFR1=080h-09Fh -ASFR2=0100h-010Fh -ASFR3=0180h-018Fh \
  -ACONFIG=02007h-02007h -DCONFIG=2 -AIDLOC=02000h-02003h -DIDLOC=2 \
  -AEEDATA=00h-0FFh/02100h -peeprom_data=EEDATA -DEEDATA=2 -DCODE=2 \
  -DSTRCODE=2 -DSTRING=2 -DCONST=2 -DENTRY=2 \
  -preset_vec=00h,intentry,init,end_init -ppowerup=CODE -pcinit=CODE \
  -pfunctab=ENTRY -k C:\Users\laptop\AppData\Local\Temp\scq0xg.o \
  dist/default/production\MachBaoChay.X.production.o 

Object code version is 3.11

Machine type is 16LF877A



                Name                               Link     Load   Length Selector   Space Scale
C:\Users\laptop\AppData\Local\Temp\scq0xg.o
                end_init                              0        0        3        0       0
                config                             2007     2007        1        0       4
dist/default/production\MachBaoChay.X.production.o
                cinit                               7F3      7F3        D      FE6       0
                config                             2007     2007        1        0       4
                text33                             1C2C     1C2C       15     3858       0
                text32                             1C72     1C72       22     38E4       0
                text31                             1C58     1C58       1A     38B0       0
                text30                             1C0D     1C0D        D     381A       0
                text29                             1F3D     1F3D       5D     3E7A       0
                text28                              8EE      8EE       52     11DC       0
                text27                             1CB9     1CB9       37     3972       0
                text26                             1D2A     1D2A       42     3A54       0
                text25                             1C1A     1C1A       12     3834       0
                text24                             1C41     1C41       17     3882       0
                text23                             1C01     1C01        C     3802       0
                text22                             1D6C     1D6C       42     3AD8       0
                text21                             1DF2     1DF2       4E     3BE4       0
                text20                             10EE     10EE       A2     21DC       0
                text19                             1BF6     1BF6        B     37EC       0
                text18                             1578     1578      288     2AF0       0
                text17                             1E40     1E40       50     3C80       0
                text16                             1072     1072       7C     20E4       0
                text15                             1F9A     1F9A       66     3F34       0
                text14                             1E90     1E90       54     3D20       0
                text13                             1C94     1C94       25     3928       0
                text12                             1190     1190       BC     2320       0
                text11                             1309     1309       BE     2612       0
                text10                             124C     124C       BD     2498       0
                text9                                 9        9       27       12       0
                text8                               C9F      C9F      361     193E       0
                text7                              1DAE     1DAE       44     3B5C       0
                text6                              1CF0     1CF0       3A     39E0       0
                text5                                30       30      20B       60       0
                text4                              1009     1009       69     2012       0
                text3                              1EE4     1EE4       59     3DC8       0
                text2                               940      940      35F     1280       0
                text1                               23B      23B      5B8      476       0
                maintext                           13C7     13C7      1B1     278E       0
                cstackBANK0                          20       20       50       20       1
                cstackCOMMON                         70       70        E       70       1
                cstackBANK1                          A0       A0       2F       A0       1
                clrtext                            1001     1001        8     2002       0
                bssBANK1                             CF       CF       1E       A0       1
                strings                             800      800       ED     1000       0

TOTAL           Name                               Link     Load   Length     Space
        CLASS   STACK          

        CLASS   CODE           
                end_init                              0        0        3         0
                cinit                               7F3      7F3        D         0
                text33                             1C2C     1C2C       15         0
                text32                             1C72     1C72       22         0
                text31                             1C58     1C58       1A         0
                text30                             1C0D     1C0D        D         0
                text29                             1F3D     1F3D       5D         0
                text28                              8EE      8EE       52         0
                text27                             1CB9     1CB9       37         0
                text26                             1D2A     1D2A       42         0
                text25                             1C1A     1C1A       12         0
                text24                             1C41     1C41       17         0
                text23                             1C01     1C01        C         0
                text22                             1D6C     1D6C       42         0
                text21                             1DF2     1DF2       4E         0
                text20                             10EE     10EE       A2         0
                text19                             1BF6     1BF6        B         0
                text18                             1578     1578      288         0
                text17                             1E40     1E40       50         0
                text16                             1072     1072       7C         0
                text15                             1F9A     1F9A       66         0
                text14                             1E90     1E90       54         0
                text13                             1C94     1C94       25         0
                text12                             1190     1190       BC         0
                text11                             1309     1309       BE         0
                text10                             124C     124C       BD         0
                text9                                 9        9       27         0
                text8                               C9F      C9F      361         0
                text7                              1DAE     1DAE       44         0
                text6                              1CF0     1CF0       3A         0
                text5                                30       30      20B         0
                text4                              1009     1009       69         0
                text3                              1EE4     1EE4       59         0
                text2                               940      940      35F         0
                text1                               23B      23B      5B8         0
                maintext                           13C7     13C7      1B1         0
                clrtext                            1001     1001        8         0

        CLASS   STRCODE        

        CLASS   STRING         
                strings                             800      800       ED         0

        CLASS   CONST          

        CLASS   ENTRY          

        CLASS   COMMON         
                cstackCOMMON                         70       70        E         1

        CLASS   BANK0          
                cstackBANK0                          20       20       50         1

        CLASS   BANK1          
                cstackBANK1                          A0       A0       2F         1
                bssBANK1                             CF       CF       1E         1

        CLASS   BANK2          

        CLASS   BANK3          

        CLASS   RAM            

        CLASS   ABS1           
                abs_s1                               7E       7E        2         1

        CLASS   SFR0           

        CLASS   SFR1           

        CLASS   SFR2           

        CLASS   SFR3           

        CLASS   CONFIG         
                config                             2007     2007        1         4

        CLASS   IDLOC          

        CLASS   EEDATA         



SEGMENTS        Name                           Load    Length   Top    Selector   Space  Class     Delta

                reset_vec                      000000  000003  000003         0       0  CODE        2
                text9                          000009  000027  000030        12       0  CODE        2
                cstackBANK0                    000020  000050  000070        20       1  BANK0       1
                text5                          000030  00020B  00023B        60       0  CODE        2
                cstackCOMMON                   000070  00000E  00007E        70       1  COMMON      1
                cstackBANK1                    0000A0  00004D  0000ED        A0       1  BANK1       1
                text1                          00023B  0005B8  0007F3       476       0  CODE        2
                cinit                          0007F3  00000D  000800       FE6       0  CODE        2
                strings                        000800  0000ED  0008ED      1000       0  STRING      2
                text28                         0008EE  000052  000940      11DC       0  CODE        2
                text2                          000940  00035F  000C9F      1280       0  CODE        2
                text8                          000C9F  000361  001000      193E       0  CODE        2
                clrtext                        001001  000008  001009      2002       0  CODE        2
                text4                          001009  000069  001072      2012       0  CODE        2
                text16                         001072  00007C  0010EE      20E4       0  CODE        2
                text20                         0010EE  0000A2  001190      21DC       0  CODE        2
                text12                         001190  0000BC  00124C      2320       0  CODE        2
                text10                         00124C  0000BD  001309      2498       0  CODE        2
                text11                         001309  0000BE  0013C7      2612       0  CODE        2
                maintext                       0013C7  0001B1  001578      278E       0  CODE        2
                text18                         001578  000288  001800      2AF0       0  CODE        2
                text19                         001BF6  00000B  001C01      37EC       0  CODE        2
                text23                         001C01  00000C  001C0D      3802       0  CODE        2
                text30                         001C0D  00000D  001C1A      381A       0  CODE        2
                text25                         001C1A  000012  001C2C      3834       0  CODE        2
                text33                         001C2C  000015  001C41      3858       0  CODE        2
                text24                         001C41  000017  001C58      3882       0  CODE        2
                text31                         001C58  00001A  001C72      38B0       0  CODE        2
                text32                         001C72  000022  001C94      38E4       0  CODE        2
                text13                         001C94  000025  001CB9      3928       0  CODE        2
                text27                         001CB9  000037  001CF0      3972       0  CODE        2
                text6                          001CF0  00003A  001D2A      39E0       0  CODE        2
                text26                         001D2A  000042  001D6C      3A54       0  CODE        2
                text22                         001D6C  000042  001DAE      3AD8       0  CODE        2
                text7                          001DAE  000044  001DF2      3B5C       0  CODE        2
                text21                         001DF2  00004E  001E40      3BE4       0  CODE        2
                text17                         001E40  000050  001E90      3C80       0  CODE        2
                text14                         001E90  000054  001EE4      3D20       0  CODE        2
                text3                          001EE4  000059  001F3D      3DC8       0  CODE        2
                text29                         001F3D  00005D  001F9A      3E7A       0  CODE        2
                text15                         001F9A  000066  002000      3F34       0  CODE        2


UNUSED ADDRESS RANGES

        Name                Unused          Largest block    Delta
        BANK1            00ED-00EF              3           1
        BANK2            0110-016F             60           1
        BANK3            0190-01EF             60           1
        CODE             0003-0008              6           2
                         08ED-08ED              1
                         1000-1000              1
                         1800-1BF5            3F6
        CONST            0003-0008              6           2
                         08ED-08ED              1
                         1000-1000              1
                         1800-1BF5            100
        EEDATA           2100-21FF            100           2
        ENTRY            0003-0008              6           2
                         08ED-08ED              1
                         1000-1000              1
                         1800-1BF5            100
        IDLOC            2000-2003              4           2
        RAM              00ED-00EF              3           1
                         0110-016F             60
                         0190-01EF             60
        SFR0             0000-001F             20           1
        SFR1             0080-009F             20           1
        SFR2             0100-010F             10           1
        SFR3             0180-018F             10           1
        STACK            0110-016F             60           1
        STRCODE          0003-0008              6           2
                         08ED-08ED              1
                         1000-1000              1
                         1800-1BF5            3F6
        STRING           0003-0008              6           2
                         08ED-08ED              1
                         1000-1000              1
                         1800-1BF5            100

                                  Symbol Table

?_ReadADC                  cstackCOMMON 0070
?__Umul8_16                cstackCOMMON 0070
?___awdiv                  cstackCOMMON 0077
?___awmod                  cstackCOMMON 0070
?___fladd                  cstackBANK0  005C
?___flmul                  cstackBANK0  002E
?___flneg                  cstackCOMMON 0070
?___flsub                  cstackBANK1  00A0
?___fltol                  cstackBANK0  005B
?___lldiv                  cstackCOMMON 0070
?___llmod                  cstackCOMMON 0070
?___lwdiv                  cstackCOMMON 0076
?___lwmod                  cstackCOMMON 0070
?___wmul                   cstackCOMMON 0070
?___xxtofl                 cstackBANK0  0020
?__div_to_l_               cstackCOMMON 0070
?__tdiv_to_l_              cstackCOMMON 0070
?_fround                   cstackBANK0  0048
?_scale                    cstackBANK0  0048
?_sprintf                  cstackBANK1  00A8
Lcd_Cmd@a                  cstackCOMMON 0073
Lcd_Port@a                 cstackCOMMON 0070
Lcd_Set_Cursor@a           cstackCOMMON 0077
Lcd_Set_Cursor@b           cstackCOMMON 0074
Lcd_Set_Cursor@temp        cstackCOMMON 007A
Lcd_Set_Cursor@y           cstackCOMMON 0079
Lcd_Set_Cursor@z           cstackCOMMON 0078
Lcd_Write_Char@a           cstackCOMMON 0074
Lcd_Write_Char@temp        cstackCOMMON 0072
Lcd_Write_Char@y           cstackCOMMON 0073
Lcd_Write_String@a         cstackCOMMON 0075
Lcd_Write_String@i         cstackCOMMON 007A
ReadADC@TempValue          cstackCOMMON 0072
UART_Init@baudrate         cstackCOMMON 0070
UART_Write@data            cstackCOMMON 0070
UART_Write_Text@i          cstackCOMMON 0076
UART_Write_Text@text       cstackCOMMON 0071
_ADCON0bits                (abs)        001F
_ADCON1bits                (abs)        009F
_ADCinit                   text33       1C2C
_ADCvalue                  bssBANK1     00EB
_ADRESH                    (abs)        001E
_ADRESL                    (abs)        009E
_BRGH                      (abs)        04C2
_CREN                      (abs)        00C4
_GIE                       (abs)        005F
_Lcd_Clear                 text30       1C0D
_Lcd_Cmd                   text31       1C58
_Lcd_Init                  text29       1F3D
_Lcd_Port                  text32       1C72
_Lcd_Set_Cursor            text28       08EE
_Lcd_Write_Char            text27       1CB9
_Lcd_Write_String          text26       1D2A
_PEIE                      (abs)        005E
_RA0                       (abs)        0028
_RB1                       (abs)        0031
_RB2                       (abs)        0032
_RB3                       (abs)        0033
_RCIE                      (abs)        0465
_RCIF                      (abs)        0065
_RCREG                     (abs)        001A
_RD2                       (abs)        0042
_RD3                       (abs)        0043
_RD4                       (abs)        0044
_RD5                       (abs)        0045
_RD6                       (abs)        0046
_RD7                       (abs)        0047
_ReadADC                   text25       1C1A
_SPBRG                     (abs)        0099
_SPEN                      (abs)        00C7
_SYNC                      (abs)        04C4
_TRISA0                    (abs)        0428
_TRISB0                    (abs)        0430
_TRISB1                    (abs)        0431
_TRISB2                    (abs)        0432
_TRISB3                    (abs)        0433
_TRISC6                    (abs)        043E
_TRISC7                    (abs)        043F
_TRISD                     (abs)        0088
_TRMT                      (abs)        04C1
_TXEN                      (abs)        04C5
_TXREG                     (abs)        0019
_UART_Init                 text24       1C41
_UART_Write                text23       1C01
_UART_Write_Text           text22       1D6C
__Habs1                    abs1         0000
__Hbank0                   bank0        0000
__Hbank1                   bank1        0000
__Hbank2                   bank2        0000
__Hbank3                   bank3        0000
__HbssBANK1                bssBANK1     0000
__Hcinit                   cinit        0800
__Hclrtext                 clrtext      0000
__Hcode                    code         0000
__Hcommon                  common       0000
__Hconfig                  config       2008
__HcstackBANK0             cstackBANK0  0000
__HcstackBANK1             cstackBANK1  0000
__HcstackCOMMON            cstackCOMMON 0000
__Heeprom_data             eeprom_data  0000
__Hend_init                end_init     0003
__Hfunctab                 functab      0000
__Hinit                    init         0000
__Hintentry                intentry     0000
__Hmaintext                maintext     0000
__Hpowerup                 powerup      0000
__Hram                     ram          0000
__Hreset_vec               reset_vec    0000
__Hsfr0                    sfr0         0000
__Hsfr1                    sfr1         0000
__Hsfr2                    sfr2         0000
__Hsfr3                    sfr3         0000
__Hspace_0                 (abs)        2000
__Hspace_1                 (abs)        00ED
__Hspace_2                 (abs)        0000
__Hspace_3                 (abs)        0000
__Hspace_4                 (abs)        400F
__Hstack                   stack        0000
__Hstrings                 strings      0000
__Htext                    text         0000
__Labs1                    abs1         0000
__Lbank0                   bank0        0000
__Lbank1                   bank1        0000
__Lbank2                   bank2        0000
__Lbank3                   bank3        0000
__LbssBANK1                bssBANK1     0000
__Lcinit                   cinit        07F3
__Lclrtext                 clrtext      0000
__Lcode                    code         0000
__Lcommon                  common       0000
__Lconfig                  config       0000
__LcstackBANK0             cstackBANK0  0000
__LcstackBANK1             cstackBANK1  0000
__LcstackCOMMON            cstackCOMMON 0000
__Leeprom_data             eeprom_data  0000
__Lend_init                end_init     0000
__Lfunctab                 functab      0000
__Linit                    init         0000
__Lintentry                intentry     0000
__Lmaintext                maintext     0000
__Lpowerup                 powerup      0000
__Lram                     ram          0000
__Lreset_vec               reset_vec    0000
__Lsfr0                    sfr0         0000
__Lsfr1                    sfr1         0000
__Lsfr2                    sfr2         0000
__Lsfr3                    sfr3         0000
__Lspace_0                 (abs)        0000
__Lspace_1                 (abs)        0000
__Lspace_2                 (abs)        0000
__Lspace_3                 (abs)        0000
__Lspace_4                 (abs)        0000
__Lstack                   stack        0000
__Lstrings                 strings      0000
__Ltext                    text         0000
__S0                       (abs)        2000
__S1                       (abs)        00ED
__S2                       (abs)        0000
__S3                       (abs)        0000
__Umul8_16                 text9        0009
__Umul8_16@multiplicand    cstackCOMMON 0070
__Umul8_16@multiplier      cstackCOMMON 0078
__Umul8_16@product         cstackCOMMON 0074
__Umul8_16@word_mpld       cstackCOMMON 0076
___awdiv                   text4        1009
___awdiv@counter           cstackBANK0  0020
___awdiv@dividend          cstackCOMMON 0079
___awdiv@divisor           cstackCOMMON 0077
___awdiv@quotient          cstackBANK0  0022
___awdiv@sign              cstackBANK0  0021
___awmod                   text3        1EE4
___awmod@counter           cstackCOMMON 0075
___awmod@dividend          cstackCOMMON 0072
___awmod@divisor           cstackCOMMON 0070
___awmod@sign              cstackCOMMON 0076
___fladd                   text18       1578
___fladd@a                 cstackBANK0  0060
___fladd@aexp              cstackBANK0  006D
___fladd@b                 cstackBANK0  005C
___fladd@bexp              cstackBANK0  006E
___fladd@grs               cstackBANK0  006F
___fladd@signs             cstackBANK0  006C
___fleq                    text21       1DF2
___fleq@ff1                cstackCOMMON 0070
___fleq@ff2                cstackCOMMON 0074
___flge                    text20       10EE
___flge@ff1                cstackCOMMON 0070
___flge@ff2                cstackCOMMON 0074
___flmul                   text8        0C9F
___flmul@a                 cstackBANK0  0032
___flmul@aexp              cstackBANK0  0040
___flmul@b                 cstackBANK0  002E
___flmul@bexp              cstackBANK0  0041
___flmul@grs               cstackBANK0  003C
___flmul@prod              cstackBANK0  0042
___flmul@sign              cstackBANK0  003B
___flmul@temp              cstackBANK0  0046
___flneg                   text19       1BF6
___flneg@f1                cstackCOMMON 0070
___flsub                   text17       1E40
___flsub@a                 cstackBANK1  00A0
___flsub@b                 cstackBANK1  00A4
___fltol                   text16       1072
___fltol@exp1              cstackBANK0  0065
___fltol@f1                cstackBANK0  005B
___fltol@sign1             cstackBANK0  0064
___int_sp                  stack        0000
___latbits                 (abs)        0002
___lldiv                   text15       1F9A
___lldiv@counter           cstackCOMMON 007D
___lldiv@dividend          cstackCOMMON 0074
___lldiv@divisor           cstackCOMMON 0070
___lldiv@quotient          cstackCOMMON 0079
___llmod                   text14       1E90
___llmod@counter           cstackCOMMON 0079
___llmod@dividend          cstackCOMMON 0074
___llmod@divisor           cstackCOMMON 0070
___lwdiv                   text7        1DAE
___lwdiv@counter           cstackCOMMON 007D
___lwdiv@dividend          cstackCOMMON 0078
___lwdiv@divisor           cstackCOMMON 0076
___lwdiv@quotient          cstackCOMMON 007B
___lwmod                   text6        1CF0
___lwmod@counter           cstackCOMMON 0075
___lwmod@dividend          cstackCOMMON 0072
___lwmod@divisor           cstackCOMMON 0070
___sp                      stack        0000
___stackhi                 (abs)        0000
___stacklo                 (abs)        0000
___wmul                    text13       1C94
___wmul@multiplicand       cstackCOMMON 0072
___wmul@multiplier         cstackCOMMON 0070
___wmul@product            cstackCOMMON 0074
___xxtofl                  text12       1190
___xxtofl@arg              cstackBANK0  002A
___xxtofl@exp              cstackBANK0  0029
___xxtofl@sign             cstackBANK0  0028
___xxtofl@val              cstackBANK0  0020
__div_to_l_                text11       1309
__div_to_l_@cntr           cstackBANK0  0024
__div_to_l_@exp1           cstackBANK0  0025
__div_to_l_@f1             cstackCOMMON 0070
__div_to_l_@f2             cstackCOMMON 0074
__div_to_l_@quot           cstackBANK0  0020
__end_of_ADCinit           text33       1C41
__end_of_Lcd_Clear         text30       1C1A
__end_of_Lcd_Cmd           text31       1C72
__end_of_Lcd_Init          text29       1F9A
__end_of_Lcd_Port          text32       1C94
__end_of_Lcd_Set_Cursor    text28       0940
__end_of_Lcd_Write_Char    text27       1CF0
__end_of_Lcd_Write_String  text26       1D6C
__end_of_ReadADC           text25       1C2C
__end_of_UART_Init         text24       1C58
__end_of_UART_Write        text23       1C0D
__end_of_UART_Write_Text   text22       1DAE
__end_of__Umul8_16         text9        0030
__end_of___awdiv           text4        1072
__end_of___awmod           text3        1F3D
__end_of___fladd           text18       1800
__end_of___fleq            text21       1E40
__end_of___flge            text20       1190
__end_of___flmul           text8        1000
__end_of___flneg           text19       1C01
__end_of___flsub           text17       1E90
__end_of___fltol           text16       10EE
__end_of___lldiv           text15       2000
__end_of___llmod           text14       1EE4
__end_of___lwdiv           text7        1DF2
__end_of___lwmod           text6        1D2A
__end_of___wmul            text13       1CB9
__end_of___xxtofl          text12       124C
__end_of__div_to_l_        text11       13C7
__end_of__initialization   cinit        07FC
__end_of__npowers_         strings      0878
__end_of__powers_          strings      0844
__end_of__stringtab        strings      0810
__end_of__tdiv_to_l_       text10       1309
__end_of_dpowers           strings      08A0
__end_of_fround            text5        023B
__end_of_main              maintext     1578
__end_of_scale             text2        0C9F
__end_of_sprintf           text1        07F3
__initialization           cinit        07F3
__npowers_                 strings      0844
__pbssBANK1                bssBANK1     00CF
__pcstackBANK0             cstackBANK0  0020
__pcstackBANK1             cstackBANK1  00A0
__pcstackCOMMON            cstackCOMMON 0070
__pmaintext                maintext     13C7
__powers_                  strings      0810
__pstrings                 strings      0800
__ptext1                   text1        023B
__ptext10                  text10       124C
__ptext11                  text11       1309
__ptext12                  text12       1190
__ptext13                  text13       1C94
__ptext14                  text14       1E90
__ptext15                  text15       1F9A
__ptext16                  text16       1072
__ptext17                  text17       1E40
__ptext18                  text18       1578
__ptext19                  text19       1BF6
__ptext2                   text2        0940
__ptext20                  text20       10EE
__ptext21                  text21       1DF2
__ptext22                  text22       1D6C
__ptext23                  text23       1C01
__ptext24                  text24       1C41
__ptext25                  text25       1C1A
__ptext26                  text26       1D2A
__ptext27                  text27       1CB9
__ptext28                  text28       08EE
__ptext29                  text29       1F3D
__ptext3                   text3        1EE4
__ptext30                  text30       1C0D
__ptext31                  text31       1C58
__ptext32                  text32       1C72
__ptext33                  text33       1C2C
__ptext4                   text4        1009
__ptext5                   text5        0030
__ptext6                   text6        1CF0
__ptext7                   text7        1DAE
__ptext8                   text8        0C9F
__ptext9                   text9        0009
__size_of_ADCinit          (abs)        0000
__size_of_Lcd_Clear        (abs)        0000
__size_of_Lcd_Cmd          (abs)        0000
__size_of_Lcd_Init         (abs)        0000
__size_of_Lcd_Port         (abs)        0000
__size_of_Lcd_Set_Cursor   (abs)        0000
__size_of_Lcd_Write_Char   (abs)        0000
__size_of_Lcd_Write_String (abs)        0000
__size_of_ReadADC          (abs)        0000
__size_of_UART_Init        (abs)        0000
__size_of_UART_Write       (abs)        0000
__size_of_UART_Write_Text  (abs)        0000
__size_of__Umul8_16        (abs)        0000
__size_of___awdiv          (abs)        0000
__size_of___awmod          (abs)        0000
__size_of___fladd          (abs)        0000
__size_of___fleq           (abs)        0000
__size_of___flge           (abs)        0000
__size_of___flmul          (abs)        0000
__size_of___flneg          (abs)        0000
__size_of___flsub          (abs)        0000
__size_of___fltol          (abs)        0000
__size_of___lldiv          (abs)        0000
__size_of___llmod          (abs)        0000
__size_of___lwdiv          (abs)        0000
__size_of___lwmod          (abs)        0000
__size_of___wmul           (abs)        0000
__size_of___xxtofl         (abs)        0000
__size_of__div_to_l_       (abs)        0000
__size_of__tdiv_to_l_      (abs)        0000
__size_of_fround           (abs)        0000
__size_of_main             (abs)        0000
__size_of_scale            (abs)        0000
__size_of_sprintf          (abs)        0000
__stringbase               strings      080F
__stringtab                strings      0800
__tdiv_to_l_               text10       124C
__tdiv_to_l_@cntr          cstackBANK0  0024
__tdiv_to_l_@exp1          cstackBANK0  0025
__tdiv_to_l_@f1            cstackCOMMON 0070
__tdiv_to_l_@f2            cstackCOMMON 0074
__tdiv_to_l_@quot          cstackBANK0  0020
_dpowers                   strings      0878
_f                         bssBANK1     00CF
_fround                    text5        0030
_fround$935                cstackBANK0  0057
_fround$936                cstackBANK0  0053
_main                      maintext     13C7
_q                         bssBANK1     00D3
_s                         bssBANK1     00D7
_scale                     text2        0940
_scale$937                 cstackBANK0  0056
_sprintf                   text1        023B
_sprintf$938               cstackBANK1  00B2
_voltage                   bssBANK1     00D5
btemp                      (abs)        007E
clear_ram0                 clrtext      1001
end_of_initialization      cinit        07FC
fround@prec                cstackBANK0  005B
intlevel0                  functab      0000
intlevel1                  functab      0000
intlevel2                  functab      0000
intlevel3                  functab      0000
intlevel4                  functab      0000
intlevel5                  functab      0000
reset_vec                  reset_vec    0000
scale@scl                  cstackBANK0  005A
sprintf@ap                 cstackBANK1  00B6
sprintf@c                  cstackBANK1  00CA
sprintf@eexp               cstackBANK1  00BF
sprintf@f                  cstackBANK1  00A8
sprintf@flag               cstackBANK1  00B7
sprintf@fval               cstackBANK1  00C6
sprintf@prec               cstackBANK1  00B9
sprintf@sp                 cstackBANK1  00C5
sprintf@tmpval             cstackBANK1  00C1
sprintf@val                cstackBANK1  00BB
start                      init         0000
start_initialization       cinit        07F3
wtemp0                     (abs)        007E


FUNCTION INFORMATION:

 *************** function _main *****************
 Defined at:
		line 33 in file "newmain.c"
 Parameters:    Size  Location     Type
		None
 Auto vars:     Size  Location     Type
		None
 Return value:  Size  Location     Type
                  1    wreg      void 
 Registers used:
		wreg, fsr0l, fsr0h, status,2, status,0, btemp+1, pclath, cstack
 Tracked objects:
		On entry : 
		On exit  : 
		Unchanged: 
 Data sizes:     COMMON   BANK0   BANK1   BANK3   BANK2
      Params:         0       0       0       0       0
      Locals:         0       0       0       0       0
      Temps:          0       0       4       0       0
      Totals:         0       0       4       0       0
Total ram usage:        4 bytes
 Hardware stack levels required when called:    4
 This function calls:
		_ADCinit
		_Lcd_Clear
		_Lcd_Init
		_Lcd_Set_Cursor
		_Lcd_Write_String
		_ReadADC
		_UART_Init
		_UART_Write_Text
		___fleq
		___flge
		___flmul
		___fltol
		___lwdiv
		___xxtofl
		_sprintf
 This function is called by:
		Startup code after reset
 This function uses a non-reentrant model


 *************** function _sprintf *****************
 Defined at:
		line 505 in file "C:\Program Files\Microchip\xc8\v2.30\pic\sources\c90\common\doprnt.c"
 Parameters:    Size  Location     Type
  sp              1    wreg     PTR unsigned char 
		 -> s(20), 
  f               1    8[BANK1 ] PTR const unsigned char 
		 -> STR_2(16), 
 Auto vars:     Size  Location     Type
  sp              1   37[BANK1 ] PTR unsigned char 
		 -> s(20), 
  fval            4   38[BANK1 ] PTR unsigned char 
  tmpval          4   33[BANK1 ] struct .
  val             4   27[BANK1 ] unsigned long 
  eexp            2   31[BANK1 ] int 
  prec            2   25[BANK1 ] int 
  flag            2   23[BANK1 ] unsigned short 
  cp              2    0        PTR const unsigned char 
  len             2    0        unsigned int 
  width           2    0        int 
  c               1   42[BANK1 ] unsigned char 
  ap              1   22[BANK1 ] PTR void [1]
		 -> ?_sprintf(2), 
  d               1    0        unsigned char 
 Return value:  Size  Location     Type
                  2    8[BANK1 ] int 
 Registers used:
		wreg, fsr0l, fsr0h, status,2, status,0, btemp+1, pclath, cstack
 Tracked objects:
		On entry : 
		On exit  : 
		Unchanged: 
 Data sizes:     COMMON   BANK0   BANK1   BANK3   BANK2
      Params:         0       0       5       0       0
      Locals:         0       0      25       0       0
      Temps:          0       0       5       0       0
      Totals:         0       0      35       0       0
Total ram usage:       35 bytes
 Hardware stack levels used:    1
 Hardware stack levels required when called:    3
 This function calls:
		___awdiv
		___fladd
		___fleq
		___flge
		___flmul
		___flneg
		___flsub
		___fltol
		___lldiv
		___llmod
		___wmul
		___xxtofl
		__div_to_l_
		__tdiv_to_l_
		_fround
		_scale
 This function is called by:
		_main
 This function uses a non-reentrant model


 *************** function _scale *****************
 Defined at:
		line 433 in file "C:\Program Files\Microchip\xc8\v2.30\pic\sources\c90\common\doprnt.c"
 Parameters:    Size  Location     Type
  scl             1    wreg     char 
 Auto vars:     Size  Location     Type
  scl             1   58[BANK0 ] char 
 Return value:  Size  Location     Type
                  4   40[BANK0 ] char 
 Registers used:
		wreg, fsr0l, fsr0h, status,2, status,0, btemp+1, pclath, cstack
 Tracked objects:
		On entry : 
		On exit  : 
		Unchanged: 
 Data sizes:     COMMON   BANK0   BANK1   BANK3   BANK2
      Params:         0       4       0       0       0
      Locals:         0       5       0       0       0
      Temps:          0      10       0       0       0
      Totals:         0      19       0       0       0
Total ram usage:       19 bytes
 Hardware stack levels used:    1
 Hardware stack levels required when called:    2
 This function calls:
		___awdiv
		___awmod
		___flmul
 This function is called by:
		_sprintf
 This function uses a non-reentrant model


 *************** function ___awmod *****************
 Defined at:
		line 5 in file "C:\Program Files\Microchip\xc8\v2.30\pic\sources\c90\common\awmod.c"
 Parameters:    Size  Location     Type
  divisor         2    0[COMMON] int 
  dividend        2    2[COMMON] int 
 Auto vars:     Size  Location     Type
  sign            1    6[COMMON] unsigned char 
  counter         1    5[COMMON] unsigned char 
 Return value:  Size  Location     Type
                  2    0[COMMON] int 
 Registers used:
		wreg, status,2, status,0
 Tracked objects:
		On entry : 
		On exit  : 
		Unchanged: 
 Data sizes:     COMMON   BANK0   BANK1   BANK3   BANK2
      Params:         4       0       0       0       0
      Locals:         2       0       0       0       0
      Temps:          1       0       0       0       0
      Totals:         7       0       0       0       0
Total ram usage:        7 bytes
 Hardware stack levels used:    1
 This function calls:
		Nothing
 This function is called by:
		_scale
 This function uses a non-reentrant model


 *************** function ___awdiv *****************
 Defined at:
		line 5 in file "C:\Program Files\Microchip\xc8\v2.30\pic\sources\c90\common\awdiv.c"
 Parameters:    Size  Location     Type
  divisor         2    7[COMMON] int 
  dividend        2    9[COMMON] int 
 Auto vars:     Size  Location     Type
  quotient        2    2[BANK0 ] int 
  sign            1    1[BANK0 ] unsigned char 
  counter         1    0[BANK0 ] unsigned char 
 Return value:  Size  Location     Type
                  2    7[COMMON] int 
 Registers used:
		wreg, status,2, status,0
 Tracked objects:
		On entry : 
		On exit  : 
		Unchanged: 
 Data sizes:     COMMON   BANK0   BANK1   BANK3   BANK2
      Params:         4       0       0       0       0
      Locals:         0       4       0       0       0
      Temps:          1       0       0       0       0
      Totals:         5       4       0       0       0
Total ram usage:        9 bytes
 Hardware stack levels used:    1
 This function calls:
		Nothing
 This function is called by:
		_scale
		_sprintf
 This function uses a non-reentrant model


 *************** function _fround *****************
 Defined at:
		line 417 in file "C:\Program Files\Microchip\xc8\v2.30\pic\sources\c90\common\doprnt.c"
 Parameters:    Size  Location     Type
  prec            1    wreg     unsigned char 
 Auto vars:     Size  Location     Type
  prec            1   59[BANK0 ] unsigned char 
 Return value:  Size  Location     Type
                  4   40[BANK0 ] unsigned char 
 Registers used:
		wreg, fsr0l, fsr0h, status,2, status,0, btemp+1, pclath, cstack
 Tracked objects:
		On entry : 
		On exit  : 
		Unchanged: 
 Data sizes:     COMMON   BANK0   BANK1   BANK3   BANK2
      Params:         0       4       0       0       0
      Locals:         0       9       0       0       0
      Temps:          0       7       0       0       0
      Totals:         0      20       0       0       0
Total ram usage:       20 bytes
 Hardware stack levels used:    1
 Hardware stack levels required when called:    2
 This function calls:
		___flmul
		___lwdiv
		___lwmod
 This function is called by:
		_sprintf
 This function uses a non-reentrant model


 *************** function ___lwmod *****************
 Defined at:
		line 5 in file "C:\Program Files\Microchip\xc8\v2.30\pic\sources\c90\common\lwmod.c"
 Parameters:    Size  Location     Type
  divisor         2    0[COMMON] unsigned int 
  dividend        2    2[COMMON] unsigned int 
 Auto vars:     Size  Location     Type
  counter         1    5[COMMON] unsigned char 
 Return value:  Size  Location     Type
                  2    0[COMMON] unsigned int 
 Registers used:
		wreg, status,2, status,0
 Tracked objects:
		On entry : 
		On exit  : 
		Unchanged: 
 Data sizes:     COMMON   BANK0   BANK1   BANK3   BANK2
      Params:         4       0       0       0       0
      Locals:         1       0       0       0       0
      Temps:          1       0       0       0       0
      Totals:         6       0       0       0       0
Total ram usage:        6 bytes
 Hardware stack levels used:    1
 This function calls:
		Nothing
 This function is called by:
		_fround
 This function uses a non-reentrant model


 *************** function ___lwdiv *****************
 Defined at:
		line 5 in file "C:\Program Files\Microchip\xc8\v2.30\pic\sources\c90\common\lwdiv.c"
 Parameters:    Size  Location     Type
  divisor         2    6[COMMON] unsigned int 
  dividend        2    8[COMMON] unsigned int 
 Auto vars:     Size  Location     Type
  quotient        2   11[COMMON] unsigned int 
  counter         1   13[COMMON] unsigned char 
 Return value:  Size  Location     Type
                  2    6[COMMON] unsigned int 
 Registers used:
		wreg, status,2, status,0
 Tracked objects:
		On entry : 
		On exit  : 
		Unchanged: 
 Data sizes:     COMMON   BANK0   BANK1   BANK3   BANK2
      Params:         4       0       0       0       0
      Locals:         3       0       0       0       0
      Temps:          1       0       0       0       0
      Totals:         8       0       0       0       0
Total ram usage:        8 bytes
 Hardware stack levels used:    1
 This function calls:
		Nothing
 This function is called by:
		_main
		_fround
 This function uses a non-reentrant model


 *************** function ___flmul *****************
 Defined at:
		line 8 in file "C:\Program Files\Microchip\xc8\v2.30\pic\sources\c90\common\sprcmul.c"
 Parameters:    Size  Location     Type
  b               4   14[BANK0 ] unsigned int 
  a               4   18[BANK0 ] unsigned int 
 Auto vars:     Size  Location     Type
  prod            4   34[BANK0 ] struct .
  grs             4   28[BANK0 ] unsigned long 
  temp            2   38[BANK0 ] struct .
  bexp            1   33[BANK0 ] unsigned char 
  aexp            1   32[BANK0 ] unsigned char 
  sign            1   27[BANK0 ] unsigned char 
 Return value:  Size  Location     Type
                  4   14[BANK0 ] unsigned char 
 Registers used:
		wreg, status,2, status,0, btemp+1, pclath, cstack
 Tracked objects:
		On entry : 
		On exit  : 
		Unchanged: 
 Data sizes:     COMMON   BANK0   BANK1   BANK3   BANK2
      Params:         0       8       0       0       0
      Locals:         0      13       0       0       0
      Temps:          0       5       0       0       0
      Totals:         0      26       0       0       0
Total ram usage:       26 bytes
 Hardware stack levels used:    1
 Hardware stack levels required when called:    1
 This function calls:
		__Umul8_16
 This function is called by:
		_main
		_fround
		_scale
		_sprintf
 This function uses a non-reentrant model


 *************** function __Umul8_16 *****************
 Defined at:
		line 4 in file "C:\Program Files\Microchip\xc8\v2.30\pic\sources\c90\common\Umul8_16.c"
 Parameters:    Size  Location     Type
  multiplier      1    wreg     unsigned char 
  multiplicand    1    0[COMMON] unsigned char 
 Auto vars:     Size  Location     Type
  multiplier      1    8[COMMON] unsigned char 
  word_mpld       2    6[COMMON] unsigned int 
  product         2    4[COMMON] unsigned int 
 Return value:  Size  Location     Type
                  2    0[COMMON] unsigned int 
 Registers used:
		wreg, status,2, status,0
 Tracked objects:
		On entry : 
		On exit  : 
		Unchanged: 
 Data sizes:     COMMON   BANK0   BANK1   BANK3   BANK2
      Params:         2       0       0       0       0
      Locals:         5       0       0       0       0
      Temps:          2       0       0       0       0
      Totals:         9       0       0       0       0
Total ram usage:        9 bytes
 Hardware stack levels used:    1
 This function calls:
		Nothing
 This function is called by:
		___flmul
 This function uses a non-reentrant model


 *************** function __tdiv_to_l_ *****************
 Defined at:
		line 60 in file "C:\Program Files\Microchip\xc8\v2.30\pic\sources\c90\common\ftdivl.c"
 Parameters:    Size  Location     Type
  f1              4    0[COMMON] float 
  f2              4    4[COMMON] float 
 Auto vars:     Size  Location     Type
  quot            4    0[BANK0 ] unsigned long 
  exp1            1    5[BANK0 ] unsigned char 
  cntr            1    4[BANK0 ] unsigned char 
 Return value:  Size  Location     Type
                  4    0[COMMON] unsigned long 
 Registers used:
		wreg, status,2, status,0
 Tracked objects:
		On entry : 
		On exit  : 
		Unchanged: 
 Data sizes:     COMMON   BANK0   BANK1   BANK3   BANK2
      Params:         8       0       0       0       0
      Locals:         0       6       0       0       0
      Temps:          4       0       0       0       0
      Totals:        12       6       0       0       0
Total ram usage:       18 bytes
 Hardware stack levels used:    1
 This function calls:
		Nothing
 This function is called by:
		_sprintf
 This function uses a non-reentrant model


 *************** function __div_to_l_ *****************
 Defined at:
		line 60 in file "C:\Program Files\Microchip\xc8\v2.30\pic\sources\c90\common\fldivl.c"
 Parameters:    Size  Location     Type
  f1              4    0[COMMON] unsigned long 
  f2              4    4[COMMON] unsigned long 
 Auto vars:     Size  Location     Type
  quot            4    0[BANK0 ] unsigned long 
  exp1            1    5[BANK0 ] unsigned char 
  cntr            1    4[BANK0 ] unsigned char 
 Return value:  Size  Location     Type
                  4    0[COMMON] unsigned long 
 Registers used:
		wreg, status,2, status,0
 Tracked objects:
		On entry : 
		On exit  : 
		Unchanged: 
 Data sizes:     COMMON   BANK0   BANK1   BANK3   BANK2
      Params:         8       0       0       0       0
      Locals:         0       6       0       0       0
      Temps:          1       0       0       0       0
      Totals:         9       6       0       0       0
Total ram usage:       15 bytes
 Hardware stack levels used:    1
 This function calls:
		Nothing
 This function is called by:
		_sprintf
 This function uses a non-reentrant model


 *************** function ___xxtofl *****************
 Defined at:
		line 10 in file "C:\Program Files\Microchip\xc8\v2.30\pic\sources\c90\common\xxtofl.c"
 Parameters:    Size  Location     Type
  sign            1    wreg     unsigned char 
  val             4    0[BANK0 ] long 
 Auto vars:     Size  Location     Type
  sign            1    8[BANK0 ] unsigned char 
  arg             4   10[BANK0 ] unsigned long 
  exp             1    9[BANK0 ] unsigned char 
 Return value:  Size  Location     Type
                  4    0[BANK0 ] unsigned char 
 Registers used:
		wreg, status,2, status,0
 Tracked objects:
		On entry : 
		On exit  : 
		Unchanged: 
 Data sizes:     COMMON   BANK0   BANK1   BANK3   BANK2
      Params:         0       4       0       0       0
      Locals:         0       6       0       0       0
      Temps:          0       4       0       0       0
      Totals:         0      14       0       0       0
Total ram usage:       14 bytes
 Hardware stack levels used:    1
 This function calls:
		Nothing
 This function is called by:
		_main
		_sprintf
 This function uses a non-reentrant model


 *************** function ___wmul *****************
 Defined at:
		line 15 in file "C:\Program Files\Microchip\xc8\v2.30\pic\sources\c90\common\Umul16.c"
 Parameters:    Size  Location     Type
  multiplier      2    0[COMMON] unsigned int 
  multiplicand    2    2[COMMON] unsigned int 
 Auto vars:     Size  Location     Type
  product         2    4[COMMON] unsigned int 
 Return value:  Size  Location     Type
                  2    0[COMMON] unsigned int 
 Registers used:
		wreg, status,2, status,0
 Tracked objects:
		On entry : 
		On exit  : 
		Unchanged: 
 Data sizes:     COMMON   BANK0   BANK1   BANK3   BANK2
      Params:         4       0       0       0       0
      Locals:         2       0       0       0       0
      Temps:          0       0       0       0       0
      Totals:         6       0       0       0       0
Total ram usage:        6 bytes
 Hardware stack levels used:    1
 This function calls:
		Nothing
 This function is called by:
		_sprintf
 This function uses a non-reentrant model


 *************** function ___llmod *****************
 Defined at:
		line 5 in file "C:\Program Files\Microchip\xc8\v2.30\pic\sources\c90\common\llmod.c"
 Parameters:    Size  Location     Type
  divisor         4    0[COMMON] unsigned long 
  dividend        4    4[COMMON] unsigned long 
 Auto vars:     Size  Location     Type
  counter         1    9[COMMON] unsigned char 
 Return value:  Size  Location     Type
                  4    0[COMMON] unsigned long 
 Registers used:
		wreg, status,2, status,0
 Tracked objects:
		On entry : 
		On exit  : 
		Unchanged: 
 Data sizes:     COMMON   BANK0   BANK1   BANK3   BANK2
      Params:         8       0       0       0       0
      Locals:         1       0       0       0       0
      Temps:          1       0       0       0       0
      Totals:        10       0       0       0       0
Total ram usage:       10 bytes
 Hardware stack levels used:    1
 This function calls:
		Nothing
 This function is called by:
		_sprintf
 This function uses a non-reentrant model


 *************** function ___lldiv *****************
 Defined at:
		line 5 in file "C:\Program Files\Microchip\xc8\v2.30\pic\sources\c90\common\__lldiv.c"
 Parameters:    Size  Location     Type
  divisor         4    0[COMMON] unsigned long 
  dividend        4    4[COMMON] unsigned long 
 Auto vars:     Size  Location     Type
  quotient        4    9[COMMON] unsigned long 
  counter         1   13[COMMON] unsigned char 
 Return value:  Size  Location     Type
                  4    0[COMMON] unsigned long 
 Registers used:
		wreg, status,2, status,0
 Tracked objects:
		On entry : 
		On exit  : 
		Unchanged: 
 Data sizes:     COMMON   BANK0   BANK1   BANK3   BANK2
      Params:         8       0       0       0       0
      Locals:         5       0       0       0       0
      Temps:          1       0       0       0       0
      Totals:        14       0       0       0       0
Total ram usage:       14 bytes
 Hardware stack levels used:    1
 This function calls:
		Nothing
 This function is called by:
		_sprintf
 This function uses a non-reentrant model


 *************** function ___fltol *****************
 Defined at:
		line 43 in file "C:\Program Files\Microchip\xc8\v2.30\pic\sources\c90\common\fltol.c"
 Parameters:    Size  Location     Type
  f1              4   59[BANK0 ] unsigned long 
 Auto vars:     Size  Location     Type
  exp1            1   69[BANK0 ] unsigned char 
  sign1           1   68[BANK0 ] unsigned char 
 Return value:  Size  Location     Type
                  4   59[BANK0 ] long 
 Registers used:
		wreg, status,2, status,0
 Tracked objects:
		On entry : 
		On exit  : 
		Unchanged: 
 Data sizes:     COMMON   BANK0   BANK1   BANK3   BANK2
      Params:         0       4       0       0       0
      Locals:         0       2       0       0       0
      Temps:          0       5       0       0       0
      Totals:         0      11       0       0       0
Total ram usage:       11 bytes
 Hardware stack levels used:    1
 This function calls:
		Nothing
 This function is called by:
		_main
		_sprintf
 This function uses a non-reentrant model


 *************** function ___flsub *****************
 Defined at:
		line 242 in file "C:\Program Files\Microchip\xc8\v2.30\pic\sources\c90\common\sprcadd.c"
 Parameters:    Size  Location     Type
  a               4    0[BANK1 ] long 
  b               4    4[BANK1 ] long 
 Auto vars:     Size  Location     Type
		None
 Return value:  Size  Location     Type
                  4    0[BANK1 ] long 
 Registers used:
		wreg, status,2, status,0, btemp+1, pclath, cstack
 Tracked objects:
		On entry : 
		On exit  : 
		Unchanged: 
 Data sizes:     COMMON   BANK0   BANK1   BANK3   BANK2
      Params:         0       0       8       0       0
      Locals:         0       0       0       0       0
      Temps:          0       0       0       0       0
      Totals:         0       0       8       0       0
Total ram usage:        8 bytes
 Hardware stack levels used:    1
 Hardware stack levels required when called:    1
 This function calls:
		___fladd
 This function is called by:
		_sprintf
 This function uses a non-reentrant model


 *************** function ___fladd *****************
 Defined at:
		line 10 in file "C:\Program Files\Microchip\xc8\v2.30\pic\sources\c90\common\sprcadd.c"
 Parameters:    Size  Location     Type
  b               4   60[BANK0 ] long 
  a               4   64[BANK0 ] long 
 Auto vars:     Size  Location     Type
  grs             1   79[BANK0 ] unsigned char 
  bexp            1   78[BANK0 ] unsigned char 
  aexp            1   77[BANK0 ] unsigned char 
  signs           1   76[BANK0 ] unsigned char 
 Return value:  Size  Location     Type
                  4   60[BANK0 ] unsigned char 
 Registers used:
		wreg, status,2, status,0, btemp+1
 Tracked objects:
		On entry : 
		On exit  : 
		Unchanged: 
 Data sizes:     COMMON   BANK0   BANK1   BANK3   BANK2
      Params:         0       8       0       0       0
      Locals:         0       4       0       0       0
      Temps:          0       8       0       0       0
      Totals:         0      20       0       0       0
Total ram usage:       20 bytes
 Hardware stack levels used:    1
 This function calls:
		Nothing
 This function is called by:
		_sprintf
		___flsub
 This function uses a non-reentrant model


 *************** function ___flneg *****************
 Defined at:
		line 15 in file "C:\Program Files\Microchip\xc8\v2.30\pic\sources\c90\common\flneg.c"
 Parameters:    Size  Location     Type
  f1              4    0[COMMON] unsigned char 
 Auto vars:     Size  Location     Type
		None
 Return value:  Size  Location     Type
                  4    0[COMMON] unsigned char 
 Registers used:
		wreg
 Tracked objects:
		On entry : 
		On exit  : 
		Unchanged: 
 Data sizes:     COMMON   BANK0   BANK1   BANK3   BANK2
      Params:         4       0       0       0       0
      Locals:         0       0       0       0       0
      Temps:          0       0       0       0       0
      Totals:         4       0       0       0       0
Total ram usage:        4 bytes
 Hardware stack levels used:    1
 This function calls:
		Nothing
 This function is called by:
		_sprintf
 This function uses a non-reentrant model


 *************** function ___flge *****************
 Defined at:
		line 4 in file "C:\Program Files\Microchip\xc8\v2.30\pic\sources\c90\common\flge.c"
 Parameters:    Size  Location     Type
  ff1             4    0[COMMON] unsigned char 
  ff2             4    4[COMMON] unsigned char 
 Auto vars:     Size  Location     Type
		None
 Return value:  Size  Location     Type
		None               void
 Registers used:
		wreg, status,2, status,0
 Tracked objects:
		On entry : 
		On exit  : 
		Unchanged: 
 Data sizes:     COMMON   BANK0   BANK1   BANK3   BANK2
      Params:         8       0       0       0       0
      Locals:         0       0       0       0       0
      Temps:          4       0       0       0       0
      Totals:        12       0       0       0       0
Total ram usage:       12 bytes
 Hardware stack levels used:    1
 This function calls:
		Nothing
 This function is called by:
		_main
		_sprintf
 This function uses a non-reentrant model


 *************** function ___fleq *****************
 Defined at:
		line 4 in file "C:\Program Files\Microchip\xc8\v2.30\pic\sources\c90\common\fleq.c"
 Parameters:    Size  Location     Type
  ff1             4    0[COMMON] unsigned char 
  ff2             4    4[COMMON] unsigned char 
 Auto vars:     Size  Location     Type
		None
 Return value:  Size  Location     Type
		None               void
 Registers used:
		wreg, status,2, status,0
 Tracked objects:
		On entry : 
		On exit  : 
		Unchanged: 
 Data sizes:     COMMON   BANK0   BANK1   BANK3   BANK2
      Params:         8       0       0       0       0
      Locals:         0       0       0       0       0
      Temps:          4       0       0       0       0
      Totals:        12       0       0       0       0
Total ram usage:       12 bytes
 Hardware stack levels used:    1
 This function calls:
		Nothing
 This function is called by:
		_main
		_sprintf
 This function uses a non-reentrant model


 *************** function _UART_Write_Text *****************
 Defined at:
		line 50 in file "./uart.h"
 Parameters:    Size  Location     Type
  text            2    1[COMMON] PTR unsigned char 
		 -> STR_3(16), s(20), 
 Auto vars:     Size  Location     Type
  i               2    6[COMMON] int 
 Return value:  Size  Location     Type
                  1    wreg      void 
 Registers used:
		wreg, fsr0l, fsr0h, status,2, status,0, btemp+1, pclath, cstack
 Tracked objects:
		On entry : 
		On exit  : 
		Unchanged: 
 Data sizes:     COMMON   BANK0   BANK1   BANK3   BANK2
      Params:         2       0       0       0       0
      Locals:         2       0       0       0       0
      Temps:          3       0       0       0       0
      Totals:         7       0       0       0       0
Total ram usage:        7 bytes
 Hardware stack levels used:    1
 Hardware stack levels required when called:    1
 This function calls:
		_UART_Write
 This function is called by:
		_main
 This function uses a non-reentrant model


 *************** function _UART_Write *****************
 Defined at:
		line 44 in file "./uart.h"
 Parameters:    Size  Location     Type
  data            1    wreg     unsigned char 
 Auto vars:     Size  Location     Type
  data            1    0[COMMON] unsigned char 
 Return value:  Size  Location     Type
                  1    wreg      void 
 Registers used:
		wreg
 Tracked objects:
		On entry : 
		On exit  : 
		Unchanged: 
 Data sizes:     COMMON   BANK0   BANK1   BANK3   BANK2
      Params:         0       0       0       0       0
      Locals:         1       0       0       0       0
      Temps:          0       0       0       0       0
      Totals:         1       0       0       0       0
Total ram usage:        1 bytes
 Hardware stack levels used:    1
 This function calls:
		Nothing
 This function is called by:
		_UART_Write_Text
 This function uses a non-reentrant model


 *************** function _UART_Init *****************
 Defined at:
		line 2 in file "./uart.h"
 Parameters:    Size  Location     Type
  baudrate        4    0[COMMON] const long 
 Auto vars:     Size  Location     Type
		None
 Return value:  Size  Location     Type
                  1    wreg      unsigned char 
 Registers used:
		wreg
 Tracked objects:
		On entry : 
		On exit  : 
		Unchanged: 
 Data sizes:     COMMON   BANK0   BANK1   BANK3   BANK2
      Params:         4       0       0       0       0
      Locals:         0       0       0       0       0
      Temps:          0       0       0       0       0
      Totals:         4       0       0       0       0
Total ram usage:        4 bytes
 Hardware stack levels used:    1
 This function calls:
		Nothing
 This function is called by:
		_main
 This function uses a non-reentrant model


 *************** function _ReadADC *****************
 Defined at:
		line 97 in file "newmain.c"
 Parameters:    Size  Location     Type
		None
 Auto vars:     Size  Location     Type
  TempValue       2    2[COMMON] unsigned int 
 Return value:  Size  Location     Type
                  2    0[COMMON] unsigned int 
 Registers used:
		wreg, status,2
 Tracked objects:
		On entry : 
		On exit  : 
		Unchanged: 
 Data sizes:     COMMON   BANK0   BANK1   BANK3   BANK2
      Params:         2       0       0       0       0
      Locals:         2       0       0       0       0
      Temps:          0       0       0       0       0
      Totals:         4       0       0       0       0
Total ram usage:        4 bytes
 Hardware stack levels used:    1
 This function calls:
		Nothing
 This function is called by:
		_main
 This function uses a non-reentrant model


 *************** function _Lcd_Write_String *****************
 Defined at:
		line 95 in file "./lcd.h"
 Parameters:    Size  Location     Type
  a               2    5[COMMON] PTR unsigned char 
		 -> STR_5(17), STR_4(14), s(20), STR_1(14), 
 Auto vars:     Size  Location     Type
  i               2   10[COMMON] int 
 Return value:  Size  Location     Type
                  1    wreg      void 
 Registers used:
		wreg, fsr0l, fsr0h, status,2, status,0, btemp+1, pclath, cstack
 Tracked objects:
		On entry : 
		On exit  : 
		Unchanged: 
 Data sizes:     COMMON   BANK0   BANK1   BANK3   BANK2
      Params:         2       0       0       0       0
      Locals:         2       0       0       0       0
      Temps:          3       0       0       0       0
      Totals:         7       0       0       0       0
Total ram usage:        7 bytes
 Hardware stack levels used:    1
 Hardware stack levels required when called:    2
 This function calls:
		_Lcd_Write_Char
 This function is called by:
		_main
 This function uses a non-reentrant model


 *************** function _Lcd_Write_Char *****************
 Defined at:
		line 79 in file "./lcd.h"
 Parameters:    Size  Location     Type
  a               1    wreg     unsigned char 
 Auto vars:     Size  Location     Type
  a               1    4[COMMON] unsigned char 
  y               1    3[COMMON] unsigned char 
  temp            1    2[COMMON] unsigned char 
 Return value:  Size  Location     Type
                  1    wreg      void 
 Registers used:
		wreg, status,2, status,0, pclath, cstack
 Tracked objects:
		On entry : 
		On exit  : 
		Unchanged: 
 Data sizes:     COMMON   BANK0   BANK1   BANK3   BANK2
      Params:         0       0       0       0       0
      Locals:         3       0       0       0       0
      Temps:          1       0       0       0       0
      Totals:         4       0       0       0       0
Total ram usage:        4 bytes
 Hardware stack levels used:    1
 Hardware stack levels required when called:    1
 This function calls:
		_Lcd_Port
 This function is called by:
		_Lcd_Write_String
 This function uses a non-reentrant model


 *************** function _Lcd_Set_Cursor *****************
 Defined at:
		line 39 in file "./lcd.h"
 Parameters:    Size  Location     Type
  a               1    wreg     unsigned char 
  b               1    4[COMMON] unsigned char 
 Auto vars:     Size  Location     Type
  a               1    7[COMMON] unsigned char 
  temp            1   10[COMMON] unsigned char 
  y               1    9[COMMON] unsigned char 
  z               1    8[COMMON] unsigned char 
 Return value:  Size  Location     Type
                  1    wreg      void 
 Registers used:
		wreg, status,2, status,0, pclath, cstack
 Tracked objects:
		On entry : 
		On exit  : 
		Unchanged: 
 Data sizes:     COMMON   BANK0   BANK1   BANK3   BANK2
      Params:         1       0       0       0       0
      Locals:         4       0       0       0       0
      Temps:          2       0       0       0       0
      Totals:         7       0       0       0       0
Total ram usage:        7 bytes
 Hardware stack levels used:    1
 Hardware stack levels required when called:    2
 This function calls:
		_Lcd_Cmd
 This function is called by:
		_main
 This function uses a non-reentrant model


 *************** function _Lcd_Init *****************
 Defined at:
		line 60 in file "./lcd.h"
 Parameters:    Size  Location     Type
		None
 Auto vars:     Size  Location     Type
		None
 Return value:  Size  Location     Type
                  1    wreg      void 
 Registers used:
		wreg, status,2, status,0, pclath, cstack
 Tracked objects:
		On entry : 
		On exit  : 
		Unchanged: 
 Data sizes:     COMMON   BANK0   BANK1   BANK3   BANK2
      Params:         0       0       0       0       0
      Locals:         0       0       0       0       0
      Temps:          2       0       0       0       0
      Totals:         2       0       0       0       0
Total ram usage:        2 bytes
 Hardware stack levels used:    1
 Hardware stack levels required when called:    2
 This function calls:
		_Lcd_Cmd
		_Lcd_Port
 This function is called by:
		_main
 This function uses a non-reentrant model


 *************** function _Lcd_Clear *****************
 Defined at:
		line 33 in file "./lcd.h"
 Parameters:    Size  Location     Type
		None
 Auto vars:     Size  Location     Type
		None
 Return value:  Size  Location     Type
                  2  127[None  ] int 
 Registers used:
		wreg, status,2, status,0, pclath, cstack
 Tracked objects:
		On entry : 
		On exit  : 
		Unchanged: 
 Data sizes:     COMMON   BANK0   BANK1   BANK3   BANK2
      Params:         0       0       0       0       0
      Locals:         0       0       0       0       0
      Temps:          0       0       0       0       0
      Totals:         0       0       0       0       0
Total ram usage:        0 bytes
 Hardware stack levels used:    1
 Hardware stack levels required when called:    2
 This function calls:
		_Lcd_Cmd
 This function is called by:
		_main
 This function uses a non-reentrant model


 *************** function _Lcd_Cmd *****************
 Defined at:
		line 24 in file "./lcd.h"
 Parameters:    Size  Location     Type
  a               1    wreg     unsigned char 
 Auto vars:     Size  Location     Type
  a               1    3[COMMON] unsigned char 
 Return value:  Size  Location     Type
                  1    wreg      void 
 Registers used:
		wreg, status,2, status,0, pclath, cstack
 Tracked objects:
		On entry : 
		On exit  : 
		Unchanged: 
 Data sizes:     COMMON   BANK0   BANK1   BANK3   BANK2
      Params:         0       0       0       0       0
      Locals:         1       0       0       0       0
      Temps:          2       0       0       0       0
      Totals:         3       0       0       0       0
Total ram usage:        3 bytes
 Hardware stack levels used:    1
 Hardware stack levels required when called:    1
 This function calls:
		_Lcd_Port
 This function is called by:
		_Lcd_Clear
		_Lcd_Set_Cursor
		_Lcd_Init
		_Lcd_Shift_Right
		_Lcd_Shift_Left
 This function uses a non-reentrant model


 *************** function _Lcd_Port *****************
 Defined at:
		line 2 in file "./lcd.h"
 Parameters:    Size  Location     Type
  a               1    wreg     unsigned char 
 Auto vars:     Size  Location     Type
  a               1    0[COMMON] unsigned char 
 Return value:  Size  Location     Type
                  1    wreg      void 
 Registers used:
		wreg
 Tracked objects:
		On entry : 
		On exit  : 
		Unchanged: 
 Data sizes:     COMMON   BANK0   BANK1   BANK3   BANK2
      Params:         0       0       0       0       0
      Locals:         1       0       0       0       0
      Temps:          0       0       0       0       0
      Totals:         1       0       0       0       0
Total ram usage:        1 bytes
 Hardware stack levels used:    1
 This function calls:
		Nothing
 This function is called by:
		_Lcd_Cmd
		_Lcd_Init
		_Lcd_Write_Char
 This function uses a non-reentrant model


 *************** function _ADCinit *****************
 Defined at:
		line 84 in file "newmain.c"
 Parameters:    Size  Location     Type
		None
 Auto vars:     Size  Location     Type
		None
 Return value:  Size  Location     Type
                  1    wreg      void 
 Registers used:
		None
 Tracked objects:
		On entry : 
		On exit  : 
		Unchanged: 
 Data sizes:     COMMON   BANK0   BANK1   BANK3   BANK2
      Params:         0       0       0       0       0
      Locals:         0       0       0       0       0
      Temps:          0       0       0       0       0
      Totals:         0       0       0       0       0
Total ram usage:        0 bytes
 Hardware stack levels used:    1
 This function calls:
		Nothing
 This function is called by:
		_main
 This function uses a non-reentrant model



MODULE INFORMATION

Module		Function		Class		Link	Load	Size
C:\Program Files\Microchip\xc8\v2.30\pic\sources\c90\common\lwmod.c
		___lwmod       		CODE           	1CF0	0000	58

C:\Program Files\Microchip\xc8\v2.30\pic\sources\c90\common\lwmod.c estimated size: 58

C:\Program Files\Microchip\xc8\v2.30\pic\sources\c90\common\sprcmul.c
		___flmul       		CODE           	0C9F	0000	865

C:\Program Files\Microchip\xc8\v2.30\pic\sources\c90\common\sprcmul.c estimated size: 865

C:\Program Files\Microchip\xc8\v2.30\pic\sources\c90\common\__lldiv.c
		___lldiv       		CODE           	1F9A	0000	102

C:\Program Files\Microchip\xc8\v2.30\pic\sources\c90\common\__lldiv.c estimated size: 102

C:\Program Files\Microchip\xc8\v2.30\pic\sources\c90\common\awmod.c
		___awmod       		CODE           	1EE4	0000	89

C:\Program Files\Microchip\xc8\v2.30\pic\sources\c90\common\awmod.c estimated size: 89

C:\Program Files\Microchip\xc8\v2.30\pic\sources\c90\common\xxtofl.c
		___xxtofl      		CODE           	1190	0000	188

C:\Program Files\Microchip\xc8\v2.30\pic\sources\c90\common\xxtofl.c estimated size: 188

C:\Program Files\Microchip\xc8\v2.30\pic\sources\c90\common\llmod.c
		___llmod       		CODE           	1E90	0000	84

C:\Program Files\Microchip\xc8\v2.30\pic\sources\c90\common\llmod.c estimated size: 84

./lcd.h
		_Lcd_Write_String		CODE           	1D2A	0000	66
		_Lcd_Init      		CODE           	1F3D	0000	93
		_Lcd_Write_Char		CODE           	1CB9	0000	55
		_Lcd_Cmd       		CODE           	1C58	0000	26
		_Lcd_Set_Cursor		CODE           	08EE	0000	82
		_Lcd_Clear     		CODE           	1C0D	0000	13
		_Lcd_Port      		CODE           	1C72	0000	34

./lcd.h estimated size: 369

C:\Program Files\Microchip\xc8\v2.30\pic\sources\c90\common\lwdiv.c
		___lwdiv       		CODE           	1DAE	0000	68

C:\Program Files\Microchip\xc8\v2.30\pic\sources\c90\common\lwdiv.c estimated size: 68

C:\Program Files\Microchip\xc8\v2.30\pic\sources\c90\common\fleq.c
		___fleq        		CODE           	1DF2	0000	78

C:\Program Files\Microchip\xc8\v2.30\pic\sources\c90\common\fleq.c estimated size: 78

C:\Program Files\Microchip\xc8\v2.30\pic\sources\c90\common\fltol.c
		___fltol       		CODE           	1072	0000	124

C:\Program Files\Microchip\xc8\v2.30\pic\sources\c90\common\fltol.c estimated size: 124

newmain.c
		_main          		CODE           	13C7	0000	433
		_ReadADC       		CODE           	1C1A	0000	18
		_ADCinit       		CODE           	1C2C	0000	21

newmain.c estimated size: 472

./uart.h
		_UART_Init     		CODE           	1C41	0000	23
		_UART_Write_Text		CODE           	1D6C	0000	66
		_UART_Write    		CODE           	1C01	0000	12

./uart.h estimated size: 101

C:\Program Files\Microchip\xc8\v2.30\pic\sources\c90\common\sprcadd.c
		___flsub       		CODE           	1E40	0000	80
		___fladd       		CODE           	1578	0000	648

C:\Program Files\Microchip\xc8\v2.30\pic\sources\c90\common\sprcadd.c estimated size: 728

C:\Program Files\Microchip\xc8\v2.30\pic\sources\c90\common\doprnt.c
		_scale         		CODE           	0940	0000	863
		_sprintf       		CODE           	023B	0000	1464
		_fround        		CODE           	0030	0000	523

C:\Program Files\Microchip\xc8\v2.30\pic\sources\c90\common\doprnt.c estimated size: 2850

C:\Program Files\Microchip\xc8\v2.30\pic\sources\c90\common\ftdivl.c
		__tdiv_to_l_   		CODE           	124C	0000	189

C:\Program Files\Microchip\xc8\v2.30\pic\sources\c90\common\ftdivl.c estimated size: 189

C:\Program Files\Microchip\xc8\v2.30\pic\sources\c90\common\awdiv.c
		___awdiv       		CODE           	1009	0000	105

C:\Program Files\Microchip\xc8\v2.30\pic\sources\c90\common\awdiv.c estimated size: 105

shared
		__stringtab    		STRING         	0800	0000	16
		__powers_      		STRING         	0810	0000	52
		_dpowers       		STRING         	0878	0000	40
		__npowers_     		STRING         	0844	0000	52
		__initialization		CODE           	07F3	0000	9

shared estimated size: 169

C:\Program Files\Microchip\xc8\v2.30\pic\sources\c90\common\Umul16.c
		___wmul        		CODE           	1C94	0000	37

C:\Program Files\Microchip\xc8\v2.30\pic\sources\c90\common\Umul16.c estimated size: 37

C:\Program Files\Microchip\xc8\v2.30\pic\sources\c90\common\flneg.c
		___flneg       		CODE           	1BF6	0000	11

C:\Program Files\Microchip\xc8\v2.30\pic\sources\c90\common\flneg.c estimated size: 11

C:\Program Files\Microchip\xc8\v2.30\pic\sources\c90\common\Umul8_16.c
		__Umul8_16     		CODE           	0009	0000	39

C:\Program Files\Microchip\xc8\v2.30\pic\sources\c90\common\Umul8_16.c estimated size: 39

C:\Program Files\Microchip\xc8\v2.30\pic\sources\c90\common\flge.c
		___flge        		CODE           	10EE	0000	162

C:\Program Files\Microchip\xc8\v2.30\pic\sources\c90\common\flge.c estimated size: 162

C:\Program Files\Microchip\xc8\v2.30\pic\sources\c90\common\fldivl.c
		__div_to_l_    		CODE           	1309	0000	190

C:\Program Files\Microchip\xc8\v2.30\pic\sources\c90\common\fldivl.c estimated size: 190

